// Jest Snapshot v1, https://goo.gl/fbAQLP

exports[`moviePage should take a snapshot 1`] = `
<DocumentFragment>
  <div
    class="MuiLinearProgress-root MuiLinearProgress-colorSecondary MuiLinearProgress-indeterminate"
    role="progressbar"
  >
    <div
      class="MuiLinearProgress-bar MuiLinearProgress-barColorSecondary MuiLinearProgress-bar1Indeterminate"
    />
    <div
      class="MuiLinearProgress-bar MuiLinearProgress-bar2Indeterminate MuiLinearProgress-barColorSecondary"
    />
  </div>
</DocumentFragment>
`;
