// Jest Snapshot v1, https://goo.gl/fbAQLP

exports[`favorites should take a snapshot 1`] = `
<DocumentFragment>
  <button
    aria-label="open favorites"
    class="MuiButtonBase-root Mui-disabled MuiIconButton-root Mui-disabled MuiIconButton-colorInherit MuiIconButton-sizeMedium css-1drqkcs-MuiButtonBase-root-MuiIconButton-root"
    disabled=""
    tabindex="-1"
    type="button"
  >
    <span
      class="MuiIconButton-label css-4jkopv-MuiIconButton-label"
    >
      <span
        class="MuiBadge-root css-1c32n2y-MuiBadge-root"
      >
        <svg
          aria-hidden="true"
          class="MuiSvgIcon-root MuiSvgIcon-fontSizeMedium css-i4bv87-MuiSvgIcon-root"
          data-testid="FavoriteIcon"
          focusable="false"
          viewBox="0 0 24 24"
        >
          <path
            d="M12 21.35l-1.45-1.32C5.4 15.36 2 12.28 2 8.5 2 5.42 4.42 3 7.5 3c1.74 0 3.41.81 4.5 2.09C13.09 3.81 14.76 3 16.5 3 19.58 3 22 5.42 22 8.5c0 3.78-3.4 6.86-8.55 11.54L12 21.35z"
          />
        </svg>
        <span
          class="MuiBadge-colorSecondary MuiBadge-badge MuiBadge-standard MuiBadge-anchorOriginTopRightRectangular MuiBadge-invisible css-13j2lht-MuiBadge-badge"
        />
      </span>
    </span>
  </button>
</DocumentFragment>
`;
