// Jest Snapshot v1, https://goo.gl/fbAQLP

exports[`tv page should take a snapshot 1`] = `
<body>
  <div>
    <div
      class="css-atxh6f-Container exiooeo3"
    >
      <div>
        <h1
          class="css-fqnkfq-Code exiooeo2"
        >
          404
        </h1>
        <div
          class="css-q8cjcr-TextWrapper exiooeo1"
        >
          <h2
            class="css-mm3euk-Text exiooeo0"
          >
            This page could not be found.
          </h2>
        </div>
      </div>
    </div>
  </div>
</body>
`;
