// Jest Snapshot v1, https://goo.gl/fbAQLP

exports[`home page should take a snapshot 1`] = `<DocumentFragment />`;
