// Jest Snapshot v1, https://goo.gl/fbAQLP

exports[`movie page should take a snapshot 1`] = `<DocumentFragment />`;
