// Jest Snapshot v1, https://goo.gl/fbAQLP

exports[`now playing page should take a snapshot 1`] = `
<DocumentFragment>
  <div
    class="css-lqtrc7-NowPlayingPage"
  >
    <div
      class="MuiPaper-root MuiPaper-elevation MuiPaper-rounded MuiPaper-elevation10 efhkdvm1 css-1yrhzzy-MuiPaper-root-Root-Root"
      padding="1"
    >
      <h4
        class="MuiTypography-root MuiTypography-h4 MuiTypography-alignCenter MuiTypography-gutterBottom css-1trk376-MuiTypography-root"
      >
        Now Playing
      </h4>
      <div
        class="MuiGrid-root MuiGrid-container css-15fev7r-MuiGrid-root"
      >
        <div
          class="MuiGrid-root MuiGrid-container MuiGrid-item MuiGrid-grid-xs-6 MuiGrid-grid-md-3 efhkdvm0 css-1un961w-MuiGrid-root-Wrapper"
        >
          <div
            class="MuiPaper-root MuiPaper-elevation MuiPaper-rounded MuiPaper-elevation10 MuiCard-root ejzktm53 css-hgb8uj-MuiPaper-root-MuiCard-root-StyledCard"
          >
            <button
              class="MuiButtonBase-root MuiCardActionArea-root css-b6lsxj-MuiButtonBase-root-MuiCardActionArea-root"
              tabindex="0"
              type="button"
            >
              <div
                style="display: inline-block; max-width: 100%; overflow: hidden; position: relative; box-sizing: border-box; margin: 0px;"
              >
                <div
                  style="box-sizing: border-box; display: block; max-width: 100%;"
                >
                  <img
                    alt=""
                    aria-hidden="true"
                    role="presentation"
                    src="data:image/svg+xml;base64,PHN2ZyB3aWR0aD0iMTcwIiBoZWlnaHQ9IjMwMCIgeG1sbnM9Imh0dHA6Ly93d3cudzMub3JnLzIwMDAvc3ZnIiB2ZXJzaW9uPSIxLjEiLz4="
                    style="max-width: 100%; display: block; margin: 0px; padding: 0px;"
                  />
                </div>
                <img
                  alt="now playing page 1"
                  decoding="async"
                  src="data:image/gif;base64,R0lGODlhAQABAIAAAAAAAP///yH5BAEAAAAALAAAAAABAAEAAAIBRAA7"
                  style="visibility: hidden; position: absolute; top: 0px; left: 0px; bottom: 0px; right: 0px; box-sizing: border-box; padding: 0px; margin: auto; display: block; width: 0px; height: 0px; min-width: 100%; max-width: 100%; min-height: 100%; max-height: 100%;"
                />
              </div>
              <div
                class="MuiCardContent-root ejzktm52 css-1h5y1fk-MuiCardContent-root-StyledCardContent"
              >
                <h6
                  class="MuiTypography-root MuiTypography-subtitle2 css-ati914-MuiTypography-root"
                >
                  now playing page 1
                </h6>
                <p
                  class="MuiTypography-root MuiTypography-body1 ejzktm51 css-eywcq2-MuiTypography-root-StyledTypography"
                >
                  <span
                    class="css-17s8jfr-IconWrapper ejzktm50"
                  >
                    <svg
                      aria-hidden="true"
                      class="MuiSvgIcon-root MuiSvgIcon-fontSizeMedium css-i4bv87-MuiSvgIcon-root"
                      data-testid="StarIcon"
                      focusable="false"
                      viewBox="0 0 24 24"
                    >
                      <path
                        d="M12 17.27L18.18 21l-1.64-7.03L22 9.24l-7.19-.61L12 2 9.19 8.63 2 9.24l5.46 4.73L5.82 21z"
                      />
                    </svg>
                     5
                  </span>
                </p>
              </div>
              <span
                class="MuiCardActionArea-focusHighlight css-1v2exvi-MuiCardActionArea-focusHighlight"
              />
              <span
                class="MuiTouchRipple-root css-8je8zh-MuiTouchRipple-root"
              />
            </button>
          </div>
        </div>
      </div>
    </div>
    <nav
      aria-label="pagination navigation"
      class="MuiPagination-root MuiPagination-text e10om17h0 css-1ojt9qm-MuiPagination-root-StyledPagination"
    >
      <ul
        class="MuiPagination-ul css-wjh20t-MuiPagination-ul"
      >
        <li>
          <button
            aria-label="Go to previous page"
            class="MuiButtonBase-root Mui-disabled MuiPaginationItem-root MuiPaginationItem-sizeMedium MuiPaginationItem-text MuiPaginationItem-circular Mui-disabled MuiPaginationItem-page css-12h979j-MuiButtonBase-root-MuiPaginationItem-root"
            disabled=""
            tabindex="-1"
            type="button"
          >
            <svg
              aria-hidden="true"
              class="MuiSvgIcon-root MuiSvgIcon-fontSizeMedium MuiPaginationItem-icon css-g2z002-MuiSvgIcon-root-MuiPaginationItem-icon"
              data-testid="NavigateBeforeIcon"
              focusable="false"
              viewBox="0 0 24 24"
            >
              <path
                d="M15.41 7.41L14 6l-6 6 6 6 1.41-1.41L10.83 12z"
              />
            </svg>
          </button>
        </li>
        <li>
          <button
            aria-current="true"
            aria-label="page 1"
            class="MuiButtonBase-root MuiPaginationItem-root MuiPaginationItem-sizeMedium MuiPaginationItem-text MuiPaginationItem-circular Mui-selected MuiPaginationItem-page css-yuzg60-MuiButtonBase-root-MuiPaginationItem-root"
            tabindex="0"
            type="button"
          >
            1
            <span
              class="MuiTouchRipple-root css-8je8zh-MuiTouchRipple-root"
            />
          </button>
        </li>
        <li>
          <button
            aria-label="Go to page 2"
            class="MuiButtonBase-root MuiPaginationItem-root MuiPaginationItem-sizeMedium MuiPaginationItem-text MuiPaginationItem-circular MuiPaginationItem-page css-yuzg60-MuiButtonBase-root-MuiPaginationItem-root"
            tabindex="0"
            type="button"
          >
            2
            <span
              class="MuiTouchRipple-root css-8je8zh-MuiTouchRipple-root"
            />
          </button>
        </li>
        <li>
          <button
            aria-label="Go to page 3"
            class="MuiButtonBase-root MuiPaginationItem-root MuiPaginationItem-sizeMedium MuiPaginationItem-text MuiPaginationItem-circular MuiPaginationItem-page css-yuzg60-MuiButtonBase-root-MuiPaginationItem-root"
            tabindex="0"
            type="button"
          >
            3
            <span
              class="MuiTouchRipple-root css-8je8zh-MuiTouchRipple-root"
            />
          </button>
        </li>
        <li>
          <button
            aria-label="Go to page 4"
            class="MuiButtonBase-root MuiPaginationItem-root MuiPaginationItem-sizeMedium MuiPaginationItem-text MuiPaginationItem-circular MuiPaginationItem-page css-yuzg60-MuiButtonBase-root-MuiPaginationItem-root"
            tabindex="0"
            type="button"
          >
            4
            <span
              class="MuiTouchRipple-root css-8je8zh-MuiTouchRipple-root"
            />
          </button>
        </li>
        <li>
          <button
            aria-label="Go to page 5"
            class="MuiButtonBase-root MuiPaginationItem-root MuiPaginationItem-sizeMedium MuiPaginationItem-text MuiPaginationItem-circular MuiPaginationItem-page css-yuzg60-MuiButtonBase-root-MuiPaginationItem-root"
            tabindex="0"
            type="button"
          >
            5
            <span
              class="MuiTouchRipple-root css-8je8zh-MuiTouchRipple-root"
            />
          </button>
        </li>
        <li>
          <div
            aria-label="Go to end-ellipsis page"
            class="MuiPaginationItem-root MuiPaginationItem-sizeMedium MuiPaginationItem-text MuiPaginationItem-circular MuiPaginationItem-ellipsis css-1v2lvtn-MuiPaginationItem-root"
          >
            â€¦
          </div>
        </li>
        <li>
          <button
            aria-label="Go to page 20"
            class="MuiButtonBase-root MuiPaginationItem-root MuiPaginationItem-sizeMedium MuiPaginationItem-text MuiPaginationItem-circular MuiPaginationItem-page css-yuzg60-MuiButtonBase-root-MuiPaginationItem-root"
            tabindex="0"
            type="button"
          >
            20
            <span
              class="MuiTouchRipple-root css-8je8zh-MuiTouchRipple-root"
            />
          </button>
        </li>
        <li>
          <button
            aria-label="Go to next page"
            class="MuiButtonBase-root MuiPaginationItem-root MuiPaginationItem-sizeMedium MuiPaginationItem-text MuiPaginationItem-circular MuiPaginationItem-page css-12h979j-MuiButtonBase-root-MuiPaginationItem-root"
            tabindex="0"
            type="button"
          >
            <svg
              aria-hidden="true"
              class="MuiSvgIcon-root MuiSvgIcon-fontSizeMedium MuiPaginationItem-icon css-g2z002-MuiSvgIcon-root-MuiPaginationItem-icon"
              data-testid="NavigateNextIcon"
              focusable="false"
              viewBox="0 0 24 24"
            >
              <path
                d="M10 6L8.59 7.41 13.17 12l-4.58 4.59L10 18l6-6z"
              />
            </svg>
            <span
              class="MuiTouchRipple-root css-8je8zh-MuiTouchRipple-root"
            />
          </button>
        </li>
      </ul>
    </nav>
  </div>
</DocumentFragment>
`;
