// Jest Snapshot v1, https://goo.gl/fbAQLP

exports[`tv page should fetch tv by id 1`] = `
<body>
  <div>
    <div
      style="webkit-transform: none; transform: none; webkit-transition: -webkit-transform 225ms cubic-bezier(0.0, 0, 0.2, 1) 0ms; transition: transform 225ms cubic-bezier(0.0, 0, 0.2, 1) 0ms;"
    >
      <div
        class="MuiPaper-root MuiPaper-elevation MuiPaper-rounded MuiPaper-elevation10 MuiCard-root eeexpct5 css-g2yh5i-MuiPaper-root-MuiCard-root-StyledCard"
      >
        <div
          class="css-eheunc-ImageWrapper eeexpct4"
        >
          <div
            style="display: block; overflow: hidden; position: absolute; top: 0px; left: 0px; bottom: 0px; right: 0px; box-sizing: border-box; margin: 0px;"
          >
            <noscript />
            <img
              alt="rendered tv"
              decoding="async"
              src="data:image/gif;base64,R0lGODlhAQABAIAAAAAAAP///yH5BAEAAAAALAAAAAABAAEAAAIBRAA7"
              style="position: absolute; top: 0px; left: 0px; bottom: 0px; right: 0px; box-sizing: border-box; padding: 0px; margin: auto; display: block; width: 0px; height: 0px; min-width: 100%; max-width: 100%; min-height: 100%; max-height: 100%; object-fit: contain;"
            />
          </div>
        </div>
        <div
          class="MuiCardContent-root eeexpct3 css-v4tftr-MuiCardContent-root-StyledCardContent"
        >
          <div
            class="css-19r0t24-TitleWrapper eeexpct0"
          >
            <h5
              class="MuiTypography-root MuiTypography-h5 MuiTypography-gutterBottom css-h93ljk-MuiTypography-root"
            >
              rendered tv
            </h5>
            <button
              class="MuiButton-root MuiButton-contained MuiButton-containedPrimary MuiButton-sizeSmall MuiButton-containedSizeSmall MuiButtonBase-root eeexpct1 css-qwb08-MuiButtonBase-root-MuiButton-root-StyledButton"
              tabindex="0"
              type="button"
            >
              Add to favorites
            </button>
          </div>
          <p
            class="MuiTypography-root MuiTypography-body1 MuiTypography-paragraph css-z2eky3-MuiTypography-root"
          >
            overview
          </p>
          <hr
            class="MuiDivider-root MuiDivider-fullWidth css-9mgopn-MuiDivider-root"
          />
          <p
            class="MuiTypography-root MuiTypography-body1 eeexpct2 css-lj0jjw-MuiTypography-root-StyledTypography"
          >
            <b>
              Seasons:
            </b>
             
            5
          </p>
          <hr
            class="MuiDivider-root MuiDivider-fullWidth css-9mgopn-MuiDivider-root"
          />
          <p
            class="MuiTypography-root MuiTypography-body1 eeexpct2 css-lj0jjw-MuiTypography-root-StyledTypography"
          >
            <b>
              Episodes:
            </b>
             
            30
          </p>
          <hr
            class="MuiDivider-root MuiDivider-fullWidth css-9mgopn-MuiDivider-root"
          />
          <p
            class="MuiTypography-root MuiTypography-body1 eeexpct2 css-lj0jjw-MuiTypography-root-StyledTypography"
          >
            <b>
              Rating:
            </b>
             
            10
          </p>
          <hr
            class="MuiDivider-root MuiDivider-fullWidth css-9mgopn-MuiDivider-root"
          />
          <p
            class="MuiTypography-root MuiTypography-body1 eeexpct2 css-lj0jjw-MuiTypography-root-StyledTypography"
          >
            <b>
              Release Date:
            </b>
             
            2002
          </p>
        </div>
      </div>
      <div
        class="MuiPaper-root MuiPaper-elevation MuiPaper-rounded MuiPaper-elevation10 efhkdvm1 css-103l67h-MuiPaper-root-Container"
      >
        <h4
          class="MuiTypography-root MuiTypography-h4 MuiTypography-alignCenter MuiTypography-gutterBottom css-1trk376-MuiTypography-root"
        >
          Similar Movies
        </h4>
        <div
          class="MuiGrid-root MuiGrid-container MuiGrid-spacing-xs-undefined css-11lq3yg-MuiGrid-root"
        >
          <div
            class="MuiGrid-root MuiGrid-container MuiGrid-item MuiGrid-spacing-xs-undefined MuiGrid-grid-xs-6 MuiGrid-grid-md-3 efhkdvm0 css-13ztvr1-MuiGrid-root-Wrapper"
          >
            <div
              class="MuiPaper-root MuiPaper-elevation MuiPaper-rounded MuiPaper-elevation1 MuiCard-root ejzktm53 css-18ogkrw-MuiPaper-root-MuiCard-root-CardContainer"
            >
              <button
                class="MuiButtonBase-root MuiCardActionArea-root css-b6lsxj-MuiButtonBase-root-MuiCardActionArea-root"
                tabindex="0"
                type="button"
              >
                <div
                  style="display: inline-block; max-width: 100%; overflow: hidden; position: relative; box-sizing: border-box; margin: 0px;"
                >
                  <div
                    style="box-sizing: border-box; display: block; max-width: 100%;"
                  >
                    <img
                      alt=""
                      aria-hidden="true"
                      role="presentation"
                      src="data:image/svg+xml;base64,PHN2ZyB3aWR0aD0iMjAwIiBoZWlnaHQ9IjMwMCIgeG1sbnM9Imh0dHA6Ly93d3cudzMub3JnLzIwMDAvc3ZnIiB2ZXJzaW9uPSIxLjEiLz4="
                      style="max-width: 100%; display: block; margin: 0px; padding: 0px;"
                    />
                  </div>
                  <noscript />
                  <img
                    alt="rendered similar"
                    decoding="async"
                    src="data:image/gif;base64,R0lGODlhAQABAIAAAAAAAP///yH5BAEAAAAALAAAAAABAAEAAAIBRAA7"
                    style="position: absolute; top: 0px; left: 0px; bottom: 0px; right: 0px; box-sizing: border-box; padding: 0px; margin: auto; display: block; width: 0px; height: 0px; min-width: 100%; max-width: 100%; min-height: 100%; max-height: 100%; object-fit: contain;"
                  />
                </div>
                <div
                  class="MuiCardContent-root ejzktm52 css-dzh1mx-MuiCardContent-root-StyledCardContent"
                >
                  <p
                    class="MuiTypography-root MuiTypography-inherit ejzktm50 css-eh8d4t-MuiTypography-root-StyledTypography"
                  >
                    rendered similar
                  </p>
                  <p
                    class="MuiTypography-root MuiTypography-body1 css-1pnmrwp-MuiTypography-root"
                  >
                    2002
                  </p>
                </div>
                <span
                  class="MuiCardActionArea-focusHighlight css-1v2exvi-MuiCardActionArea-focusHighlight"
                />
              </button>
            </div>
          </div>
        </div>
      </div>
    </div>
  </div>
</body>
`;
