// Jest Snapshot v1, https://goo.gl/fbAQLP

exports[`header should take a snapshot 1`] = `
<DocumentFragment>
  <header
    class="MuiPaper-root MuiAppBar-root MuiAppBar-positionStatic MuiAppBar-colorPrimary MuiPaper-elevation4"
  >
    <div
      class="MuiToolbar-root MuiToolbar-regular Header__StyledToolbar-yxg7yx-0 BYDsa MuiToolbar-gutters"
    >
      <button
        class="MuiButtonBase-root MuiButton-root MuiButton-text"
        tabindex="0"
        title="logo"
        type="button"
      >
        <span
          class="MuiButton-label"
        >
          <img
            alt="logo"
            src="/logo.svg"
          />
        </span>
        <span
          class="MuiTouchRipple-root"
        />
      </button>
      <div
        aria-expanded="false"
        class="MuiAutocomplete-root Header__StyledAutocomplete-yxg7yx-1 eaVZwY MuiAutocomplete-hasClearIcon"
        role="combobox"
      >
        <div
          class="MuiFormControl-root MuiTextField-root Header__StyledInputBase-yxg7yx-2 iPpYBN MuiFormControl-marginDense MuiFormControl-fullWidth"
        >
          <div
            class="MuiInputBase-root MuiOutlinedInput-root MuiAutocomplete-inputRoot MuiInputBase-fullWidth MuiInputBase-formControl MuiInputBase-adornedEnd MuiOutlinedInput-adornedEnd MuiInputBase-marginDense MuiOutlinedInput-marginDense"
          >
            <input
              aria-autocomplete="list"
              aria-invalid="false"
              autocapitalize="none"
              autocomplete="off"
              class="MuiInputBase-input MuiOutlinedInput-input MuiAutocomplete-input MuiAutocomplete-inputFocused MuiInputBase-inputAdornedEnd MuiOutlinedInput-inputAdornedEnd MuiInputBase-inputMarginDense MuiOutlinedInput-inputMarginDense"
              id="autocomplete"
              placeholder="type a movie name..."
              spellcheck="false"
              type="text"
              value=""
            />
            <div
              class="MuiAutocomplete-endAdornment"
            >
              <button
                aria-label="Clear"
                class="MuiButtonBase-root MuiIconButton-root MuiAutocomplete-clearIndicator MuiAutocomplete-clearIndicatorDirty"
                tabindex="-1"
                title="Clear"
                type="button"
              >
                <span
                  class="MuiIconButton-label"
                >
                  <svg
                    aria-hidden="true"
                    class="MuiSvgIcon-root MuiSvgIcon-fontSizeSmall"
                    focusable="false"
                    viewBox="0 0 24 24"
                  >
                    <path
                      d="M19 6.41L17.59 5 12 10.59 6.41 5 5 6.41 10.59 12 5 17.59 6.41 19 12 13.41 17.59 19 19 17.59 13.41 12z"
                    />
                  </svg>
                </span>
                <span
                  class="MuiTouchRipple-root"
                />
              </button>
            </div>
            <fieldset
              aria-hidden="true"
              class="PrivateNotchedOutline-root-1 MuiOutlinedInput-notchedOutline"
              style="padding-left: 8px;"
            >
              <legend
                class="PrivateNotchedOutline-legend-2"
                style="width: 0.01px;"
              >
                <span>
                  â€‹
                </span>
              </legend>
            </fieldset>
          </div>
        </div>
      </div>
      <button
        class="MuiButtonBase-root MuiIconButton-root Favorites__StyledIconButton-sc-1iz73oq-0 fEOJAH MuiIconButton-colorInherit Mui-disabled Mui-disabled"
        data-testid="icon-button"
        disabled=""
        tabindex="-1"
        type="button"
      >
        <span
          class="MuiIconButton-label"
        >
          <span
            class="MuiBadge-root"
          >
            <svg
              aria-hidden="true"
              class="MuiSvgIcon-root"
              focusable="false"
              viewBox="0 0 24 24"
            >
              <path
                d="M12 21.35l-1.45-1.32C5.4 15.36 2 12.28 2 8.5 2 5.42 4.42 3 7.5 3c1.74 0 3.41.81 4.5 2.09C13.09 3.81 14.76 3 16.5 3 19.58 3 22 5.42 22 8.5c0 3.78-3.4 6.86-8.55 11.54L12 21.35z"
              />
            </svg>
            <span
              class="MuiBadge-badge MuiBadge-anchorOriginTopRightRectangle MuiBadge-colorSecondary MuiBadge-invisible"
            >
              0
            </span>
          </span>
        </span>
      </button>
    </div>
  </header>
</DocumentFragment>
`;
