// Jest Snapshot v1, https://goo.gl/fbAQLP

exports[`movieCard should take a snapshot 1`] = `
<DocumentFragment>
  <div
    class="MuiPaper-root MuiCard-root MovieCard__StyledCard-p23652-0 kfhMyo MuiPaper-elevation10 MuiPaper-rounded"
  >
    <button
      class="MuiButtonBase-root MuiCardActionArea-root"
      data-testid="card-button"
      tabindex="0"
      type="button"
    >
      <div
        style="display: inline-block; max-width: 100%; overflow: hidden; position: relative; box-sizing: border-box; margin: 0px;"
      >
        <div
          style="box-sizing: border-box; display: block; max-width: 100%;"
        >
          <img
            alt=""
            aria-hidden="true"
            role="presentation"
            src="data:image/svg+xml;base64,PHN2ZyB3aWR0aD0iMjAwIiBoZWlnaHQ9IjMwMCIgeG1sbnM9Imh0dHA6Ly93d3cudzMub3JnLzIwMDAvc3ZnIiB2ZXJzaW9uPSIxLjEiLz4="
            style="max-width: 100%; display: block; margin: 0px; padding: 0px;"
          />
        </div>
        <img
          alt="test"
          decoding="async"
          src="data:image/gif;base64,R0lGODlhAQABAIAAAAAAAP///yH5BAEAAAAALAAAAAABAAEAAAIBRAA7"
          style="visibility: hidden; position: absolute; top: 0px; left: 0px; bottom: 0px; right: 0px; box-sizing: border-box; padding: 0px; margin: auto; display: block; width: 0px; height: 0px; min-width: 100%; max-width: 100%; min-height: 100%; max-height: 100%;"
        />
      </div>
      <div
        class="MuiCardContent-root MovieCard__StyledCardContent-p23652-1 kGqEyF"
      >
        <h6
          class="MuiTypography-root MuiTypography-subtitle2"
        >
          test
        </h6>
        <p
          class="MuiTypography-root MovieCard__StyledTypography-p23652-2 ctvDa-d MuiTypography-body1 MuiTypography-colorTextSecondary"
        >
          <span
            class="MovieCard__IconWrapper-p23652-3 ceWCNX"
          >
            <svg
              aria-hidden="true"
              class="MuiSvgIcon-root"
              focusable="false"
              viewBox="0 0 24 24"
            >
              <path
                d="M12 17.27L18.18 21l-1.64-7.03L22 9.24l-7.19-.61L12 2 9.19 8.63 2 9.24l5.46 4.73L5.82 21z"
              />
            </svg>
             5
          </span>
        </p>
      </div>
      <span
        class="MuiCardActionArea-focusHighlight"
      />
      <span
        class="MuiTouchRipple-root"
      />
    </button>
  </div>
</DocumentFragment>
`;
